
> health-on-the-go@0.1.0 test
> jest __tests__/api/payments.test.ts

  console.error
    Checkout Creation Error: TypeError: Cannot read properties of undefined (reading 'create')
        at POST (C:\Users\Aman\Desktop\react\health-on-the-go\app\api\v1\payments\route.ts:119:65)
        at async Object.<anonymous> (C:\Users\Aman\Desktop\react\health-on-the-go\__tests__\api\payments.test.ts:172:30)

    [0m [90m 129 |[39m                             currency[33m:[39m [32m"USD"[39m[33m,[39m
     [90m 130 |[39m                         }[33m,[39m
    [31m[1m>[22m[39m[90m 131 |[39m                     }[33m,[39m
     [90m     |[39m                 [31m[1m^[22m[39m
     [90m 132 |[39m                 ][33m,[39m
     [90m 133 |[39m             }[33m,[39m
     [90m 134 |[39m             checkoutOptions[33m:[39m {[0m

      at POST (app/api/v1/payments/route.ts:131:17)
      at async Object.<anonymous> (__tests__/api/payments.test.ts:167:30)

  console.error
    Missing SQUARE_LOCATION_ID

    [0m [90m 78 |[39m                 consultationId[33m:[39m consultationId[33m,[39m
     [90m 79 |[39m                 status[33m:[39m { [36min[39m[33m:[39m [[32m"PENDING"[39m[33m,[39m [32m"PAID"[39m] }
    [31m[1m>[22m[39m[90m 80 |[39m             }
     [90m    |[39m              [31m[1m^[22m[39m
     [90m 81 |[39m         })[33m;[39m
     [90m 82 |[39m
     [90m 83 |[39m         [36mif[39m (existingPayment) {[0m

      at POST (app/api/v1/payments/route.ts:80:21)
      at async Object.<anonymous> (__tests__/api/payments.test.ts:200:30)

node.exe : FAIL health-on-the-go 
__tests__/api/payments.test.ts
At C:\nvm4w\nodejs\npm.ps1:16 char:5
+     & "$basedir/node$exe"  "$basedir/nod
e_modules/npm/bin/npm-cli.js" ...
+     ~~~~~~~~~~~~~~~~~~~~~~~~~~~~~~~~~~~~
~~~~~~~~~~~~~~~~~~~~~~~~~~~~~
    + CategoryInfo          : NotSpecifie 
   d: (FAIL health-on-...ayments.test.ts  
  :String) [], RemoteException
    + FullyQualifiedErrorId : NativeComma 
   ndError
 
  POST /api/v1/payments
    Authentication
      ΓêÜ should return 401 when not 
authenticated (7 ms)
    Validation
      ΓêÜ should return 400 when usage is 
invalid (missing consultationId) (3 ms)
    Business Logic
      ΓêÜ should return 404 when 
consultation not found (1 ms)
      ΓêÜ should return 403 when user is 
not the patient (2 ms)
      ΓêÜ should return 400 when 
consultation status is invalid (e.g. 
CANCELLED) (1 ms)
      ΓêÜ should return 409 when payment 
already exists (5 ms)
      ├ù should create payment link and 
return 201 on success (24 ms)
      ΓêÜ should fail gracefully if 
location ID is missing (3 ms)

  ΓùÅ POST /api/v1/payments ΓÇ║ Business 
Logic ΓÇ║ should create payment link and 
return 201 on success

    expect(received).toBe(expected) // 
Object.is equality

    Expected: 201
    Received: 500

    [0m [90m 172 |[39m             
[36mconst[39m response [33m=[39m 
[36mawait[39m 
[33mPOST[39m(request)[33m;[39m
     [90m 173 |[39m
    [31m[1m>[22m[39m[90m 174 |[39m  
           expect(response[33m.[39mstatu
s)[33m.[39mtoBe([35m201[39m)[33m;[39
m
     [90m     |[39m                     
                [31m[1m^[22m[39m
     [90m 175 |[39m             
[36mconst[39m body [33m=[39m 
[36mawait[39m 
response[33m.[39mjson()[33m;[39m
     [90m 176 |[39m             expect(b
ody[33m.[39murl)[33m.[39mtoBe([32m'ht
tps://square.com/pay/pl_123'[39m)[33m;[
39m
     [90m 177 |[39m[0m

      at Object.<anonymous> 
(__tests__/api/payments.test.ts:174:37)

Test Suites: 1 failed, 1 total
Tests:       1 failed, 7 passed, 8 total
Snapshots:   0 total
Time:        0.488 s, estimated 1 s
Ran all test suites matching 
__tests__/api/payments.test.ts.
